
#####################################################################################################

Minhas notas no desafio de código - Criando meu primeiro repositório no Git e GitHub

September/16/2021

#####################################################################################################


	1. Acessar github pela web e criar um novo repositório, adicionar um read me, e comitar:

		DIO_BootcampEduzzFullStack_Challenge_GitHub_First-Repo
		
		https://github.com/gutovieira/DIO_BootcampEduzzFullStack_Challenge_GitHub_First-Repo.git


	2. Clonar o repositório para a máquina:
	
		git clone https://github.com/gutovieira/DIO_BootcampEduzzFullStack_Challenge_GitHub_First-Repo.git

			Cloning into 'DIO_BootcampEduzzFullStack_Challenge_GitHub_First-Repo'...
			remote: Enumerating objects: 6, done.
			remote: Counting objects: 100% (6/6), done.
			remote: Compressing objects: 100% (4/4), done.
			remote: Total 6 (delta 0), reused 0 (delta 0), pack-reused 0
			Receiving objects: 100% (6/6), done.

	3. Verificar o status do repositório:
	
		$ git status
		On branch main
		Your branch is up to date with 'origin/main'.

		nothing to commit, working tree clean


	4. Adicionei um arquivo test.txt ao repositório local:
	
		$ echo "This is the challenge about Git/GitHub." > test.txt
		
	
	5. Verificando o status do repositório, agora ele identifica que algo foi modificado:
	
		$ git status
		On branch main
		Your branch is up to date with 'origin/main'.

		Untracked files:
		  (use "git add <file>..." to include in what will be committed)
				test.txt

		nothing added to commit but untracked files present (use "git add" to track)


	6. Adiciona os arquivos:
	
		$ git add .
		warning: LF will be replaced by CRLF in test.txt.
		The file will have its original line endings in your working directory

	7. Git status mostrará que o arquivo novo deve ser considerado no controle de versão LOCAL:
	
		$ git status
		On branch main
		Your branch is up to date with 'origin/main'.

		Changes to be committed:
		  (use "git restore --staged <file>..." to unstage)
				new file:   test.txt


	8. Criar um commit LOCAL para o arquivo e/ou modificações. Isso é necessário antes de sincronizar e fazer o upload das mudanças para o GitHub online.
	
		$ git commit -m "Adding a test.txt file to test a modification in the local repo and push to GitHub"
		[main de95985] Adding a test.txt file to test a modification in the local repo and push to GitHub
		 1 file changed, 1 insertion(+)
		 create mode 100644 test.txt


	9. Agora sim, enviar todos os commits locais para o GitHub online.

		$ git push origin main
		Enumerating objects: 4, done.
		Counting objects: 100% (4/4), done.
		Delta compression using up to 8 threads
		Compressing objects: 100% (2/2), done.
		Writing objects: 100% (3/3), 359 bytes | 179.00 KiB/s, done.
		Total 3 (delta 0), reused 0 (delta 0), pack-reused 0
		To https://github.com/gutovieira/DIO_BootcampEduzzFullStack_Challenge_GitHub_First-Repo.git
		   11896bc..de95985  main -> main


	10. Caso faça alguma mudança no GitHub via UI, o repositório local pode ser sincronizado e atualizado:
	
		$ git pull
		remote: Enumerating objects: 5, done.
		remote: Counting objects: 100% (5/5), done.
		remote: Compressing objects: 100% (3/3), done.
		remote: Total 3 (delta 0), reused 0 (delta 0), pack-reused 0
		Unpacking objects: 100% (3/3), 904 bytes | 53.00 KiB/s, done.
		From https://github.com/gutovieira/DIO_BootcampEduzzFullStack_Challenge_GitHub_First-Repo
		   de95985..700efd4  main       -> origin/main
		Updating de95985..700efd4
		Fast-forward
		 README.md | 2 ++
		 1 file changed, 2 insertions(+)
